---
source: src/parser/pparser.rs
expression: result
input_file: src/parser/parser_inputs/binary_exprs.pr
---
code_str_repr:
  - "a := [1 + 2];"
  - "b :: [3 * 5];"
  - "c :: [[a + [[b * a] / b]] - a];"
  - a = 3;
  - "a = [[[[c * b] / a] + b] - 1];"
lexer_errors: []
parser_errors: []
parse_warning: []

