---
source: src/parser/pparser.rs
expression: result
input_file: src/parser/parser_inputs/structs.pr
---
code_str_repr:
  - struct SourceFile
  - "path : str"
  - "text : str"
  - "version :: 1"
  - ""
  - "fn init(p str, t str) void"
  - self.path = p
  - self.text = t
  - ""
  - fn main() void
  - "// since we allow defaults, we can focus on the"
  - // members we care about initializing
  - "srcA := SourceFile(\"srcA\", \"textA\")"
  - ""
lexer_errors: []
parser_errors: []
parse_warning: []

