---
source: src/lexer/lexer.rs
expression: res
input_file: src/lexer/lexer_inputs/basic_program.pr
---
stringified_tokens:
  - "fn at [start_line:0 start_col:0 end_line:0 end_col:2 flat_start:0 flat_end:2]"
  - "main at [start_line:0 start_col:3 end_line:0 end_col:7 flat_start:3 flat_end:7]"
  - "( at [start_line:0 start_col:7 end_line:0 end_col:8 flat_start:7 flat_end:8]"
  - ") at [start_line:0 start_col:8 end_line:0 end_col:9 flat_start:8 flat_end:9]"
  - "void at [start_line:0 start_col:10 end_line:0 end_col:14 flat_start:10 flat_end:14]"
  - "{ at [start_line:0 start_col:15 end_line:0 end_col:16 flat_start:15 flat_end:16]"
  - "let at [start_line:1 start_col:4 end_line:1 end_col:7 flat_start:21 flat_end:24]"
  - "x at [start_line:1 start_col:8 end_line:1 end_col:9 flat_start:25 flat_end:26]"
  - "= at [start_line:1 start_col:10 end_line:1 end_col:11 flat_start:27 flat_end:28]"
  - "42 at [start_line:1 start_col:12 end_line:1 end_col:14 flat_start:29 flat_end:31]"
  - "mut at [start_line:2 start_col:4 end_line:2 end_col:7 flat_start:36 flat_end:39]"
  - "y at [start_line:2 start_col:8 end_line:2 end_col:9 flat_start:40 flat_end:41]"
  - "= at [start_line:2 start_col:10 end_line:2 end_col:11 flat_start:42 flat_end:43]"
  - "10 at [start_line:2 start_col:12 end_line:2 end_col:14 flat_start:44 flat_end:46]"
  - "// Basic arithmetic at [start_line:4 start_col:4 end_line:4 end_col:23 flat_start:52 flat_end:71]"
  - "let at [start_line:5 start_col:4 end_line:5 end_col:7 flat_start:76 flat_end:79]"
  - "z at [start_line:5 start_col:8 end_line:5 end_col:9 flat_start:80 flat_end:81]"
  - "= at [start_line:5 start_col:10 end_line:5 end_col:11 flat_start:82 flat_end:83]"
  - "x at [start_line:5 start_col:12 end_line:5 end_col:13 flat_start:84 flat_end:85]"
  - "+ at [start_line:5 start_col:14 end_line:5 end_col:15 flat_start:86 flat_end:87]"
  - "y at [start_line:5 start_col:16 end_line:5 end_col:17 flat_start:88 flat_end:89]"
  - "y at [start_line:6 start_col:4 end_line:6 end_col:5 flat_start:94 flat_end:95]"
  - "*= at [start_line:6 start_col:6 end_line:6 end_col:8 flat_start:96 flat_end:98]"
  - "2 at [start_line:6 start_col:9 end_line:6 end_col:10 flat_start:99 flat_end:100]"
  - "// Reference example at [start_line:8 start_col:4 end_line:8 end_col:24 flat_start:106 flat_end:126]"
  - "let at [start_line:9 start_col:4 end_line:9 end_col:7 flat_start:131 flat_end:134]"
  - "p at [start_line:9 start_col:8 end_line:9 end_col:9 flat_start:135 flat_end:136]"
  - "= at [start_line:9 start_col:10 end_line:9 end_col:11 flat_start:137 flat_end:138]"
  - "& at [start_line:9 start_col:12 end_line:9 end_col:13 flat_start:139 flat_end:140]"
  - "x at [start_line:9 start_col:13 end_line:9 end_col:14 flat_start:140 flat_end:141]"
  - "mut at [start_line:10 start_col:4 end_line:10 end_col:7 flat_start:146 flat_end:149]"
  - "q at [start_line:10 start_col:8 end_line:10 end_col:9 flat_start:150 flat_end:151]"
  - "= at [start_line:10 start_col:10 end_line:10 end_col:11 flat_start:152 flat_end:153]"
  - "& at [start_line:10 start_col:12 end_line:10 end_col:13 flat_start:154 flat_end:155]"
  - "mut at [start_line:10 start_col:13 end_line:10 end_col:16 flat_start:155 flat_end:158]"
  - "y at [start_line:10 start_col:17 end_line:10 end_col:18 flat_start:159 flat_end:160]"
  - "// Match expression at [start_line:12 start_col:4 end_line:12 end_col:23 flat_start:166 flat_end:185]"
  - "match at [start_line:13 start_col:4 end_line:13 end_col:9 flat_start:190 flat_end:195]"
  - "y at [start_line:13 start_col:10 end_line:13 end_col:11 flat_start:196 flat_end:197]"
  - "{ at [start_line:13 start_col:12 end_line:13 end_col:13 flat_start:198 flat_end:199]"
  - "0 at [start_line:14 start_col:8 end_line:14 end_col:9 flat_start:208 flat_end:209]"
  - "=> at [start_line:14 start_col:10 end_line:14 end_col:12 flat_start:210 flat_end:212]"
  - "x at [start_line:14 start_col:13 end_line:14 end_col:14 flat_start:213 flat_end:214]"
  - ", at [start_line:14 start_col:14 end_line:14 end_col:15 flat_start:214 flat_end:215]"
  - "_ at [start_line:15 start_col:8 end_line:15 end_col:9 flat_start:224 flat_end:225]"
  - "=> at [start_line:15 start_col:10 end_line:15 end_col:12 flat_start:226 flat_end:228]"
  - "0 at [start_line:15 start_col:13 end_line:15 end_col:14 flat_start:229 flat_end:230]"
  - ", at [start_line:15 start_col:14 end_line:15 end_col:15 flat_start:230 flat_end:231]"
  - "} at [start_line:16 start_col:4 end_line:16 end_col:5 flat_start:236 flat_end:237]"
  - "} at [start_line:17 start_col:0 end_line:17 end_col:1 flat_start:238 flat_end:239]"
