---
source: src/lexer/lexer.rs
expression: res
input_file: src/lexer/lexer_inputs/keywords.pr
---
stringified_tokens:
  - "fn at [start_line:0 start_col:0 end_line:0 end_col:2 flat_start:0 flat_end:2]"
  - "mut at [start_line:0 start_col:3 end_line:0 end_col:6 flat_start:3 flat_end:6]"
  - "if at [start_line:0 start_col:7 end_line:0 end_col:9 flat_start:7 flat_end:9]"
  - "else at [start_line:0 start_col:10 end_line:0 end_col:14 flat_start:10 flat_end:14]"
  - "for at [start_line:0 start_col:15 end_line:0 end_col:18 flat_start:15 flat_end:18]"
  - "void at [start_line:1 start_col:0 end_line:1 end_col:4 flat_start:19 flat_end:23]"
  - "true at [start_line:1 start_col:5 end_line:1 end_col:9 flat_start:24 flat_end:28]"
  - "false at [start_line:1 start_col:10 end_line:1 end_col:15 flat_start:29 flat_end:34]"
  - "i8 at [start_line:2 start_col:0 end_line:2 end_col:2 flat_start:35 flat_end:37]"
  - "i16 at [start_line:2 start_col:3 end_line:2 end_col:6 flat_start:38 flat_end:41]"
  - "i32 at [start_line:2 start_col:7 end_line:2 end_col:10 flat_start:42 flat_end:45]"
  - "i64 at [start_line:2 start_col:11 end_line:2 end_col:14 flat_start:46 flat_end:49]"
  - "int at [start_line:2 start_col:15 end_line:2 end_col:18 flat_start:50 flat_end:53]"
  - "u8 at [start_line:3 start_col:0 end_line:3 end_col:2 flat_start:54 flat_end:56]"
  - "u16 at [start_line:3 start_col:3 end_line:3 end_col:6 flat_start:57 flat_end:60]"
  - "u32 at [start_line:3 start_col:7 end_line:3 end_col:10 flat_start:61 flat_end:64]"
  - "u64 at [start_line:3 start_col:11 end_line:3 end_col:14 flat_start:65 flat_end:68]"
  - "uint at [start_line:3 start_col:15 end_line:3 end_col:19 flat_start:69 flat_end:73]"
  - "bool at [start_line:4 start_col:0 end_line:4 end_col:4 flat_start:74 flat_end:78]"
  - "char at [start_line:4 start_col:5 end_line:4 end_col:9 flat_start:79 flat_end:83]"
  - "return at [start_line:5 start_col:0 end_line:5 end_col:6 flat_start:84 flat_end:90]"
  - "mod at [start_line:5 start_col:7 end_line:5 end_col:10 flat_start:91 flat_end:94]"
  - "struct at [start_line:6 start_col:0 end_line:6 end_col:6 flat_start:95 flat_end:101]"
  - "_ at [start_line:6 start_col:7 end_line:6 end_col:8 flat_start:102 flat_end:103]"
  - "print at [start_line:6 start_col:9 end_line:6 end_col:14 flat_start:104 flat_end:109]"
  - "println at [start_line:6 start_col:15 end_line:6 end_col:22 flat_start:110 flat_end:117]"
  - "some at [start_line:7 start_col:0 end_line:7 end_col:4 flat_start:118 flat_end:122]"
  - "none at [start_line:7 start_col:5 end_line:7 end_col:9 flat_start:123 flat_end:127]"
  - "defer at [start_line:7 start_col:10 end_line:7 end_col:15 flat_start:128 flat_end:133]"

